// Jest Snapshot v1, https://goo.gl/fbAQLP

exports[`PortfolioBox should match the snapshot 1`] = `
ShallowWrapper {
  "length": 1,
  Symbol(enzyme.__root__): [Circular],
  Symbol(enzyme.__unrendered__): <PortfolioBox
    projectData={
      Object {
        "projects": Array [
          Object {
            "background": "#ffaeae",
            "description": "Descriptions will go here",
            "github": "https://github.com/isabellewis/isabellewis",
            "livewebsite": "https://github.com/isabellewis/isabellewis",
            "name": "0React Project Name Goes Here",
            "technologies": "HTML, CSS, JavaScript, Webpack",
          },
          Object {
            "background": "#ffaeae",
            "description": "Descriptions will go here",
            "github": "https://github.com/isabellewis/isabellewis",
            "livewebsite": "https://github.com/isabellewis/isabellewis",
            "name": "1React Project Name Goes Here",
            "technologies": "HTML, CSS, JavaScript, Webpack",
          },
          Object {
            "background": "#ffaeae",
            "description": "Descriptions will go here",
            "github": "https://github.com/isabellewis/isabellewis",
            "livewebsite": "https://github.com/isabellewis/isabellewis",
            "name": "2React Project Name Goes Here",
            "technologies": "HTML, CSS, JavaScript, Webpack",
          },
          Object {
            "background": "#ffaeae",
            "description": "Descriptions will go here",
            "github": "https://github.com/isabellewis/isabellewis",
            "livewebsite": "https://github.com/isabellewis/isabellewis",
            "name": "3React Project Name Goes Here",
            "technologies": "HTML, CSS, JavaScript, Webpack",
          },
          Object {
            "background": "#ffaeae",
            "description": "Descriptions will go here",
            "github": "https://github.com/isabellewis/isabellewis",
            "livewebsite": "https://github.com/isabellewis/isabellewis",
            "name": "4React Project Name Goes Here",
            "technologies": "HTML, CSS, JavaScript, Webpack",
          },
        ],
      }
    }
  />,
  Symbol(enzyme.__renderer__): Object {
    "batchedUpdates": [Function],
    "getNode": [Function],
    "render": [Function],
    "simulateEvent": [Function],
    "unmount": [Function],
  },
  Symbol(enzyme.__node__): Object {
    "instance": null,
    "key": undefined,
    "nodeType": "class",
    "props": Object {
      "children": Array [
        <styled.div>
          <styled.i
            className="material-icons"
            onClick={[Function]}
          >
            
            keyboard_arrow_left
          </styled.i>
          <styled.div>
            <styled.h2>
              0
            </styled.h2>
          </styled.div>
          <styled.i
            className="material-icons"
            onClick={[Function]}
          >
            keyboard_arrow_right
          </styled.i>
        </styled.div>,
        <styled.div>
          <styled.div>
            <h2>
              4React Project Name Goes Here
            </h2>
          </styled.div>
          <styled.div>
            <h2>
              0React Project Name Goes Here
            </h2>
          </styled.div>
          <styled.div>
            <h2>
              1React Project Name Goes Here
            </h2>
          </styled.div>
        </styled.div>,
      ],
    },
    "ref": null,
    "rendered": Array [
      Object {
        "instance": null,
        "key": undefined,
        "nodeType": "class",
        "props": Object {
          "children": Array [
            <styled.i
              className="material-icons"
              onClick={[Function]}
            >
              
              keyboard_arrow_left
            </styled.i>,
            <styled.div>
              <styled.h2>
                0
              </styled.h2>
            </styled.div>,
            <styled.i
              className="material-icons"
              onClick={[Function]}
            >
              keyboard_arrow_right
            </styled.i>,
          ],
        },
        "ref": null,
        "rendered": Array [
          Object {
            "instance": null,
            "key": undefined,
            "nodeType": "class",
            "props": Object {
              "children": Array [
                "",
                "keyboard_arrow_left",
              ],
              "className": "material-icons",
              "onClick": [Function],
            },
            "ref": null,
            "rendered": Array [
              "",
              "keyboard_arrow_left",
            ],
            "type": [Function],
          },
          Object {
            "instance": null,
            "key": undefined,
            "nodeType": "class",
            "props": Object {
              "children": <styled.h2>
                0
              </styled.h2>,
            },
            "ref": null,
            "rendered": Object {
              "instance": null,
              "key": undefined,
              "nodeType": "class",
              "props": Object {
                "children": 0,
              },
              "ref": null,
              "rendered": 0,
              "type": [Function],
            },
            "type": [Function],
          },
          Object {
            "instance": null,
            "key": undefined,
            "nodeType": "class",
            "props": Object {
              "children": "keyboard_arrow_right",
              "className": "material-icons",
              "onClick": [Function],
            },
            "ref": null,
            "rendered": "keyboard_arrow_right",
            "type": [Function],
          },
        ],
        "type": [Function],
      },
      Object {
        "instance": null,
        "key": undefined,
        "nodeType": "class",
        "props": Object {
          "children": Array [
            <styled.div>
              <h2>
                4React Project Name Goes Here
              </h2>
            </styled.div>,
            <styled.div>
              <h2>
                0React Project Name Goes Here
              </h2>
            </styled.div>,
            <styled.div>
              <h2>
                1React Project Name Goes Here
              </h2>
            </styled.div>,
          ],
        },
        "ref": null,
        "rendered": Array [
          Object {
            "instance": null,
            "key": undefined,
            "nodeType": "class",
            "props": Object {
              "children": <h2>
                4React Project Name Goes Here
              </h2>,
            },
            "ref": null,
            "rendered": Object {
              "instance": null,
              "key": undefined,
              "nodeType": "host",
              "props": Object {
                "children": "4React Project Name Goes Here",
              },
              "ref": null,
              "rendered": "4React Project Name Goes Here",
              "type": "h2",
            },
            "type": [Function],
          },
          Object {
            "instance": null,
            "key": undefined,
            "nodeType": "class",
            "props": Object {
              "children": <h2>
                0React Project Name Goes Here
              </h2>,
            },
            "ref": null,
            "rendered": Object {
              "instance": null,
              "key": undefined,
              "nodeType": "host",
              "props": Object {
                "children": "0React Project Name Goes Here",
              },
              "ref": null,
              "rendered": "0React Project Name Goes Here",
              "type": "h2",
            },
            "type": [Function],
          },
          Object {
            "instance": null,
            "key": undefined,
            "nodeType": "class",
            "props": Object {
              "children": <h2>
                1React Project Name Goes Here
              </h2>,
            },
            "ref": null,
            "rendered": Object {
              "instance": null,
              "key": undefined,
              "nodeType": "host",
              "props": Object {
                "children": "1React Project Name Goes Here",
              },
              "ref": null,
              "rendered": "1React Project Name Goes Here",
              "type": "h2",
            },
            "type": [Function],
          },
        ],
        "type": [Function],
      },
    ],
    "type": [Function],
  },
  Symbol(enzyme.__nodes__): Array [
    Object {
      "instance": null,
      "key": undefined,
      "nodeType": "class",
      "props": Object {
        "children": Array [
          <styled.div>
            <styled.i
              className="material-icons"
              onClick={[Function]}
            >
              
              keyboard_arrow_left
            </styled.i>
            <styled.div>
              <styled.h2>
                0
              </styled.h2>
            </styled.div>
            <styled.i
              className="material-icons"
              onClick={[Function]}
            >
              keyboard_arrow_right
            </styled.i>
          </styled.div>,
          <styled.div>
            <styled.div>
              <h2>
                4React Project Name Goes Here
              </h2>
            </styled.div>
            <styled.div>
              <h2>
                0React Project Name Goes Here
              </h2>
            </styled.div>
            <styled.div>
              <h2>
                1React Project Name Goes Here
              </h2>
            </styled.div>
          </styled.div>,
        ],
      },
      "ref": null,
      "rendered": Array [
        Object {
          "instance": null,
          "key": undefined,
          "nodeType": "class",
          "props": Object {
            "children": Array [
              <styled.i
                className="material-icons"
                onClick={[Function]}
              >
                
                keyboard_arrow_left
              </styled.i>,
              <styled.div>
                <styled.h2>
                  0
                </styled.h2>
              </styled.div>,
              <styled.i
                className="material-icons"
                onClick={[Function]}
              >
                keyboard_arrow_right
              </styled.i>,
            ],
          },
          "ref": null,
          "rendered": Array [
            Object {
              "instance": null,
              "key": undefined,
              "nodeType": "class",
              "props": Object {
                "children": Array [
                  "",
                  "keyboard_arrow_left",
                ],
                "className": "material-icons",
                "onClick": [Function],
              },
              "ref": null,
              "rendered": Array [
                "",
                "keyboard_arrow_left",
              ],
              "type": [Function],
            },
            Object {
              "instance": null,
              "key": undefined,
              "nodeType": "class",
              "props": Object {
                "children": <styled.h2>
                  0
                </styled.h2>,
              },
              "ref": null,
              "rendered": Object {
                "instance": null,
                "key": undefined,
                "nodeType": "class",
                "props": Object {
                  "children": 0,
                },
                "ref": null,
                "rendered": 0,
                "type": [Function],
              },
              "type": [Function],
            },
            Object {
              "instance": null,
              "key": undefined,
              "nodeType": "class",
              "props": Object {
                "children": "keyboard_arrow_right",
                "className": "material-icons",
                "onClick": [Function],
              },
              "ref": null,
              "rendered": "keyboard_arrow_right",
              "type": [Function],
            },
          ],
          "type": [Function],
        },
        Object {
          "instance": null,
          "key": undefined,
          "nodeType": "class",
          "props": Object {
            "children": Array [
              <styled.div>
                <h2>
                  4React Project Name Goes Here
                </h2>
              </styled.div>,
              <styled.div>
                <h2>
                  0React Project Name Goes Here
                </h2>
              </styled.div>,
              <styled.div>
                <h2>
                  1React Project Name Goes Here
                </h2>
              </styled.div>,
            ],
          },
          "ref": null,
          "rendered": Array [
            Object {
              "instance": null,
              "key": undefined,
              "nodeType": "class",
              "props": Object {
                "children": <h2>
                  4React Project Name Goes Here
                </h2>,
              },
              "ref": null,
              "rendered": Object {
                "instance": null,
                "key": undefined,
                "nodeType": "host",
                "props": Object {
                  "children": "4React Project Name Goes Here",
                },
                "ref": null,
                "rendered": "4React Project Name Goes Here",
                "type": "h2",
              },
              "type": [Function],
            },
            Object {
              "instance": null,
              "key": undefined,
              "nodeType": "class",
              "props": Object {
                "children": <h2>
                  0React Project Name Goes Here
                </h2>,
              },
              "ref": null,
              "rendered": Object {
                "instance": null,
                "key": undefined,
                "nodeType": "host",
                "props": Object {
                  "children": "0React Project Name Goes Here",
                },
                "ref": null,
                "rendered": "0React Project Name Goes Here",
                "type": "h2",
              },
              "type": [Function],
            },
            Object {
              "instance": null,
              "key": undefined,
              "nodeType": "class",
              "props": Object {
                "children": <h2>
                  1React Project Name Goes Here
                </h2>,
              },
              "ref": null,
              "rendered": Object {
                "instance": null,
                "key": undefined,
                "nodeType": "host",
                "props": Object {
                  "children": "1React Project Name Goes Here",
                },
                "ref": null,
                "rendered": "1React Project Name Goes Here",
                "type": "h2",
              },
              "type": [Function],
            },
          ],
          "type": [Function],
        },
      ],
      "type": [Function],
    },
  ],
  Symbol(enzyme.__options__): Object {
    "adapter": ReactSixteenAdapter {
      "options": Object {
        "enableComponentDidUpdateOnSetState": true,
      },
    },
  },
}
`;
