// Jest Snapshot v1, https://goo.gl/fbAQLP

exports[`views/MenuPanel should match the snapshot 1`] = `
ShallowWrapper {
  Symbol(enzyme.__root__): [Circular],
  Symbol(enzyme.__unrendered__): <MenuPanel />,
  Symbol(enzyme.__renderer__): Object {
    "batchedUpdates": [Function],
    "getNode": [Function],
    "render": [Function],
    "simulateError": [Function],
    "simulateEvent": [Function],
    "unmount": [Function],
  },
  Symbol(enzyme.__node__): Object {
    "instance": null,
    "key": undefined,
    "nodeType": "function",
    "props": Object {
      "children": <Menu />,
    },
    "ref": null,
    "rendered": Object {
      "instance": null,
      "key": undefined,
      "nodeType": "class",
      "props": Object {},
      "ref": null,
      "rendered": null,
      "type": [Function],
    },
    "type": Object {
      "$$typeof": Symbol(react.forward_ref),
      "attrs": undefined,
      "componentStyle": ComponentStyle {
        "componentId": "MenuPanel__MenuWrapper-jetzIn",
        "isStatic": true,
        "rules": Array [
          "background:#fff;opacity:.85;padding:10px 15px;width:100%;@media only screen and (min-width:576px){padding:10px 40px 10px 20px;}",
        ],
      },
      "displayName": "MenuPanel__MenuWrapper",
      "render": [Function],
      "styledComponentId": "MenuPanel__MenuWrapper-jetzIn",
      "target": "nav",
      "toString": [Function],
      "warnTooManyClasses": [Function],
      "withComponent": [Function],
    },
  },
  Symbol(enzyme.__nodes__): Array [
    Object {
      "instance": null,
      "key": undefined,
      "nodeType": "function",
      "props": Object {
        "children": <Menu />,
      },
      "ref": null,
      "rendered": Object {
        "instance": null,
        "key": undefined,
        "nodeType": "class",
        "props": Object {},
        "ref": null,
        "rendered": null,
        "type": [Function],
      },
      "type": Object {
        "$$typeof": Symbol(react.forward_ref),
        "attrs": undefined,
        "componentStyle": ComponentStyle {
          "componentId": "MenuPanel__MenuWrapper-jetzIn",
          "isStatic": true,
          "rules": Array [
            "background:#fff;opacity:.85;padding:10px 15px;width:100%;@media only screen and (min-width:576px){padding:10px 40px 10px 20px;}",
          ],
        },
        "displayName": "MenuPanel__MenuWrapper",
        "render": [Function],
        "styledComponentId": "MenuPanel__MenuWrapper-jetzIn",
        "target": "nav",
        "toString": [Function],
        "warnTooManyClasses": [Function],
        "withComponent": [Function],
      },
    },
  ],
  Symbol(enzyme.__options__): Object {
    "adapter": ReactSixteenAdapter {
      "options": Object {
        "enableComponentDidUpdateOnSetState": true,
        "lifecycles": Object {
          "componentDidUpdate": Object {
            "onSetState": true,
          },
          "getDerivedStateFromProps": true,
          "getSnapshotBeforeUpdate": true,
          "setState": Object {
            "skipsComponentDidUpdateOnNullish": true,
          },
        },
      },
    },
  },
}
`;
