// Jest Snapshot v1, https://goo.gl/fbAQLP

exports[`views/Footer should match the snapshot 1`] = `
ShallowWrapper {
  Symbol(enzyme.__root__): [Circular],
  Symbol(enzyme.__unrendered__): <Footer />,
  Symbol(enzyme.__renderer__): Object {
    "batchedUpdates": [Function],
    "getNode": [Function],
    "render": [Function],
    "simulateError": [Function],
    "simulateEvent": [Function],
    "unmount": [Function],
  },
  Symbol(enzyme.__node__): Object {
    "instance": null,
    "key": undefined,
    "nodeType": "function",
    "props": Object {
      "children": Array [
        <ForwardRef>
          <ShortCopy
            shortCopyText="Fancy a chat?"
            theme="light"
          />
        </ForwardRef>,
        <SocialMedia
          theme="footer"
        />,
      ],
    },
    "ref": null,
    "rendered": Array [
      Object {
        "instance": null,
        "key": undefined,
        "nodeType": "function",
        "props": Object {
          "children": <ShortCopy
            shortCopyText="Fancy a chat?"
            theme="light"
          />,
        },
        "ref": null,
        "rendered": Object {
          "instance": null,
          "key": undefined,
          "nodeType": "function",
          "props": Object {
            "shortCopyText": "Fancy a chat?",
            "theme": "light",
          },
          "ref": null,
          "rendered": null,
          "type": [Function],
        },
        "type": Object {
          "$$typeof": Symbol(react.forward_ref),
          "attrs": undefined,
          "componentStyle": ComponentStyle {
            "componentId": "Footer__CopyStyling-bubGHg",
            "isStatic": true,
            "rules": Array [
              "color:#bbb;text-align:center;",
            ],
          },
          "displayName": "Footer__CopyStyling",
          "render": [Function],
          "styledComponentId": "Footer__CopyStyling-bubGHg",
          "target": "div",
          "toString": [Function],
          "warnTooManyClasses": [Function],
          "withComponent": [Function],
        },
      },
      Object {
        "instance": null,
        "key": undefined,
        "nodeType": "function",
        "props": Object {
          "theme": "footer",
        },
        "ref": null,
        "rendered": null,
        "type": [Function],
      },
    ],
    "type": Object {
      "$$typeof": Symbol(react.forward_ref),
      "attrs": undefined,
      "componentStyle": ComponentStyle {
        "componentId": "Footer__FooterPanel-ksWeIc",
        "isStatic": true,
        "rules": Array [
          "background:#fff;padding:10px;width:100%;",
        ],
      },
      "displayName": "Footer__FooterPanel",
      "render": [Function],
      "styledComponentId": "Footer__FooterPanel-ksWeIc",
      "target": "div",
      "toString": [Function],
      "warnTooManyClasses": [Function],
      "withComponent": [Function],
    },
  },
  Symbol(enzyme.__nodes__): Array [
    Object {
      "instance": null,
      "key": undefined,
      "nodeType": "function",
      "props": Object {
        "children": Array [
          <ForwardRef>
            <ShortCopy
              shortCopyText="Fancy a chat?"
              theme="light"
            />
          </ForwardRef>,
          <SocialMedia
            theme="footer"
          />,
        ],
      },
      "ref": null,
      "rendered": Array [
        Object {
          "instance": null,
          "key": undefined,
          "nodeType": "function",
          "props": Object {
            "children": <ShortCopy
              shortCopyText="Fancy a chat?"
              theme="light"
            />,
          },
          "ref": null,
          "rendered": Object {
            "instance": null,
            "key": undefined,
            "nodeType": "function",
            "props": Object {
              "shortCopyText": "Fancy a chat?",
              "theme": "light",
            },
            "ref": null,
            "rendered": null,
            "type": [Function],
          },
          "type": Object {
            "$$typeof": Symbol(react.forward_ref),
            "attrs": undefined,
            "componentStyle": ComponentStyle {
              "componentId": "Footer__CopyStyling-bubGHg",
              "isStatic": true,
              "rules": Array [
                "color:#bbb;text-align:center;",
              ],
            },
            "displayName": "Footer__CopyStyling",
            "render": [Function],
            "styledComponentId": "Footer__CopyStyling-bubGHg",
            "target": "div",
            "toString": [Function],
            "warnTooManyClasses": [Function],
            "withComponent": [Function],
          },
        },
        Object {
          "instance": null,
          "key": undefined,
          "nodeType": "function",
          "props": Object {
            "theme": "footer",
          },
          "ref": null,
          "rendered": null,
          "type": [Function],
        },
      ],
      "type": Object {
        "$$typeof": Symbol(react.forward_ref),
        "attrs": undefined,
        "componentStyle": ComponentStyle {
          "componentId": "Footer__FooterPanel-ksWeIc",
          "isStatic": true,
          "rules": Array [
            "background:#fff;padding:10px;width:100%;",
          ],
        },
        "displayName": "Footer__FooterPanel",
        "render": [Function],
        "styledComponentId": "Footer__FooterPanel-ksWeIc",
        "target": "div",
        "toString": [Function],
        "warnTooManyClasses": [Function],
        "withComponent": [Function],
      },
    },
  ],
  Symbol(enzyme.__options__): Object {
    "adapter": ReactSixteenAdapter {
      "options": Object {
        "enableComponentDidUpdateOnSetState": true,
        "lifecycles": Object {
          "componentDidUpdate": Object {
            "onSetState": true,
          },
          "getDerivedStateFromProps": true,
          "getSnapshotBeforeUpdate": true,
          "setState": Object {
            "skipsComponentDidUpdateOnNullish": true,
          },
        },
      },
    },
  },
}
`;
